C51 COMPILER V9.56.0.0   MAIN                                                              05/31/2018 18:35:40 PAGE 1   


C51 COMPILER V9.56.0.0, COMPILATION OF MODULE MAIN
OBJECT MODULE PLACED IN .\Objects\main.obj
COMPILER INVOKED BY: D:\Program Files\Keil C51\C51\BIN\C51.EXE main.c OBJECTADVANCED OPTIMIZE(8,SPEED) REGFILE(.\Objects
                    -\urat.ORC) BROWSE DEBUG PRINT(.\Listings\main.lst) TABS(2) OBJECT(.\Objects\main.obj)

line level    source

   1          #include "stc12.h"
   2          #define FOSC  11059200L
   3          #define BAUD 115200
   4          //sfr AUXR  =0x8E;
   5          sfr TH2   =0xD6;
   6          sfr TL2   =0xD7;
   7          bit busy=0;
   8          xdata char menu[]={"\r\n------main menu---------------"
   9                             "\r\n     input 1:  反转 io P1^0"
  10                             "\r\n     input 2:  反转 io P1^1"
  11                             "\r\n     other  :  重新输入"
  12                             "\r\n------end menu----------------"
  13                             "\r\n"
  14                      };
  15            
  16          void SendData(unsigned char dat)
  17          {
  18   1        while(busy);
  19   1        SBUF=dat;
  20   1        busy=1;
  21   1      }
  22          void SendString(char *s)
  23          {
  24   1        while(*s!='\0')
  25   1          SendData(*s++);
  26   1      }
  27          void uart1() interrupt 4
  28          {
  29   1        if(RI)
  30   1          RI=0;
  31   1        if(TI)
  32   1          TI=0;
  33   1          busy=0;
  34   1      }
  35              
  36          void main()
  37          {
  38   1        unsigned char c;
  39   1        P10=0;
  40   1        P11=0;
  41   1        SCON=0x50;
  42   1        AUXR=0x14;
  43   1        AUXR|=0x01;
  44   1        TL2=(65536-((FOSC/4)/BAUD));
  45   1        TH2=(65536-((FOSC/4)/BAUD))>>8;
  46   1        ES=1;
  47   1        EA=1;
  48   1         SendString(&menu);
  49   1         while(1){
  50   2           if(RI==1)
  51   2           {
  52   3             c=SBUF;
  53   3             if(c==0x31) {
  54   4               P10=!P10;
C51 COMPILER V9.56.0.0   MAIN                                                              05/31/2018 18:35:40 PAGE 2   

  55   4               SendString ("\r\n命令已执行: IO口-P1^0反转.\r\n");
  56   4             }
  57   3             else if(c==0x32) {
  58   4               P11=!P11;
  59   4               SendString ("\r\n命令已执行: IO口-P1^1反转.\r\n");
  60   4             }
  61   3             else 
  62   3             {
  63   4                 SendString("\r\n ---Res---");
  64   4                 SendString(&menu);
  65   4             }
  66   3           }    
  67   2         }
  68   1      }
  69            


MODULE INFORMATION:   STATIC OVERLAYABLE
   CODE SIZE        =    176    ----
   CONSTANT SIZE    =     75    ----
   XDATA SIZE       =    150    ----
   PDATA SIZE       =   ----    ----
   DATA SIZE        =   ----       3
   IDATA SIZE       =   ----    ----
   BIT SIZE         =      1    ----
   EDATA SIZE       =   ----    ----
   HDATA SIZE       =   ----    ----
   XDATA CONST SIZE =   ----    ----
   FAR CONST SIZE   =   ----    ----
END OF MODULE INFORMATION.


C51 COMPILATION COMPLETE.  0 WARNING(S),  0 ERROR(S)
