C51 COMPILER V9.57.0.0   KEYBOARD                                                          05/28/2018 01:37:37 PAGE 1   


C51 COMPILER V9.57.0.0, COMPILATION OF MODULE KEYBOARD
OBJECT MODULE PLACED IN .\Objects\Keyboard.obj
COMPILER INVOKED BY: E:\STCMCU\Keil-v5\C51\BIN\C51.EXE Keyboard.c OMF2 OPTIMIZE(8,SPEED) BROWSE DEBUG PRINT(.\Listings\K
                    -eyboard.lst) TABS(2) OBJECT(.\Objects\Keyboard.obj)

line level    source

   1          #include  "Keyboard.h"
   2          #include  "config.h"
   3          #include  "delay.h"
   4          char read_key (void) {
   5   1        unsigned char i,j;
   6   1        unsigned char key_val[]={0xFA,0xF9,0x7B,0xBB,0xF6,0xF5,0x77,0xB7,0xEE,0xED,0x6F,0xAF,0xDE,0xDD,0x5F,0x9F}
             -;
   7   1        unsigned char key_scan[]={0xFB,0xF7,0xEF,0xDF};
   8   1        P3=0xC3;
   9   1        if(P3!=0xC3)
  10   1        { 
  11   2          delay_ms(5);
  12   2          if(P3!=0xC3)
  13   2          { 
  14   3            for(i=0;i<4;i++)
  15   3            {
  16   4              P3=key_scan[i];
  17   4              for(j=0;j<16;j++)
  18   4              if(key_val[j]==P3)
  19   4                return j;
  20   4            }   
  21   3          }
  22   2          else return -1;
  23   2        }
  24   1        else return -1;
  25   1      }
*** WARNING C291 IN LINE 25 OF Keyboard.c: not every exit path returns a value


MODULE INFORMATION:   STATIC OVERLAYABLE
   CODE SIZE        =     95    ----
   CONSTANT SIZE    =     20    ----
   XDATA SIZE       =   ----    ----
   PDATA SIZE       =   ----    ----
   DATA SIZE        =   ----      20
   IDATA SIZE       =   ----    ----
   BIT SIZE         =   ----    ----
   EDATA SIZE       =   ----    ----
   HDATA SIZE       =   ----    ----
   XDATA CONST SIZE =   ----    ----
   FAR CONST SIZE   =   ----    ----
END OF MODULE INFORMATION.


C51 COMPILATION COMPLETE.  1 WARNING(S),  0 ERROR(S)
