C51 COMPILER V9.56.0.0   MAIN                                                              05/23/2018 19:06:46 PAGE 1   


C51 COMPILER V9.56.0.0, COMPILATION OF MODULE MAIN
OBJECT MODULE PLACED IN .\Objects\main.obj
COMPILER INVOKED BY: D:\Program Files\Keil C51\C51\BIN\C51.EXE main.c OMF2 OPTIMIZE(8,SPEED) BROWSE DEBUG PRINT(.\Listin
                    -gs\main.lst) TABS(2) OBJECT(.\Objects\main.obj)

line level    source

   1          #include "LCD1602.h"
   2          #include "delay.h"
   3          #include "config.h"
   4          #include "Keyboard.h"
   5          
   6          #include "STC12.h"
   7          
   8          char key_namber = 0;
   9          unsigned char data password [] = {0,0,0,0,0,0};
  10          unsigned char data enter_psw [] ;
  11          
  12          
  13          void LCD_Refresh () {
  14   1        
  15   1      }
  16          
  17          int main (void) {
  18   1        delay_ms (5);
  19   1        
  20   1        Initialize_LCD();
  21   1        ClearLine(1);
  22   1        ClearLine(2);
  23   1        PutString(1,1,"Fuck Bug!");
  24   1        
  25   1        while (1) {
  26   2          unsigned char links_L = 0;
  27   2          key_namber = read_key ();
  28   2          if (key_namber != -1) {
  29   3            if (key_namber ==3) {
  30   4              PutString(2,links_L+1,'*');
*** WARNING C196 IN LINE 30 OF main.c: mspace probably invalid
  31   4              links_L++;
  32   4              if (links_L>=4) {
  33   5                links_L = 0;
  34   5              }
  35   4            }
  36   3          }
  37   2        }
  38   1      }


MODULE INFORMATION:   STATIC OVERLAYABLE
   CODE SIZE        =     79    ----
   CONSTANT SIZE    =     10    ----
   XDATA SIZE       =   ----    ----
   PDATA SIZE       =   ----    ----
   DATA SIZE        =      7       1
   IDATA SIZE       =   ----    ----
   BIT SIZE         =   ----    ----
   EDATA SIZE       =   ----    ----
   HDATA SIZE       =   ----    ----
   XDATA CONST SIZE =   ----    ----
   FAR CONST SIZE   =   ----    ----
END OF MODULE INFORMATION.

C51 COMPILER V9.56.0.0   MAIN                                                              05/23/2018 19:06:46 PAGE 2   


C51 COMPILATION COMPLETE.  1 WARNING(S),  0 ERROR(S)
