LX51 LINKER/LOCATER V4.66.93.0                                                          07/08/2018  16:21:07  PAGE 1


LX51 LINKER/LOCATER V4.66.93.0, INVOKED BY:
D:\PROGRAM FILES\KEIL\C51\BIN\LX51.EXE .\Objects\STARTUP.obj, .\Objects\C51-6050-UART.obj TO .\Objects\mpu6050 PRINT (.\
>> Listings\mpu6050.map)


CPU MODE:     8051 MODE
MEMORY MODEL: SMALL


INPUT MODULES INCLUDED:
  .\Objects\STARTUP.obj (?C_STARTUP)
         COMMENT TYPE 0: AX51 V3.15.3.0
  .\Objects\C51-6050-UART.obj (C51_6050_UART)
         COMMENT TYPE 0: C51 V9.59.0.0
  D:\PROGRAM FILES\KEIL\C51\LIB\C51S.LIB (?C?CSTPTR)
         COMMENT TYPE 1: A51 / ASM51 Assembler
  D:\PROGRAM FILES\KEIL\C51\LIB\C51S.LIB (?C?SIDIV)
         COMMENT TYPE 1: A51 / ASM51 Assembler
  D:\PROGRAM FILES\KEIL\C51\LIB\C51S.LIB (?C?UIDIV)
         COMMENT TYPE 1: A51 / ASM51 Assembler


ACTIVE MEMORY CLASSES OF MODULE:  .\Objects\mpu6050 (?C_STARTUP)

BASE        START       END         USED      MEMORY CLASS
==========================================================
C:000000H   C:000000H   C:00FFFFH   000374H   CODE
I:000000H   I:000000H   I:0000FFH   000001H   IDATA
I:000000H   I:000000H   I:00007FH   000015H   DATA
I:000020H.0 I:000020H.0 I:00002FH.7 000000H.1 BIT


MEMORY MAP OF MODULE:  .\Objects\mpu6050 (?C_STARTUP)


START     STOP      LENGTH    ALIGN  RELOC    MEMORY CLASS   SEGMENT NAME
=========================================================================

* * * * * * * * * * *   D A T A   M E M O R Y   * * * * * * * * * * * * *
000000H   000007H   000008H   ---    AT..     DATA           "REG BANK 0"
000008H   00000FH   000008H   BYTE   UNIT     DATA           ?DT?C51_6050_UART
000010H   000014H   000005H   BYTE   UNIT     DATA           _DATA_GROUP_
000015H.0 00001FH.7 00000BH.0 ---    ---      **GAP**
000020H.0 000020H.0 000000H.1 BIT    UNIT     BIT            _BIT_GROUP_
000020H.1 000020H   000000H.7 ---    ---      **GAP**
000021H   000021H   000001H   BYTE   UNIT     IDATA          ?STACK

* * * * * * * * * * *   C O D E   M E M O R Y   * * * * * * * * * * * * *
000000H   000002H   000003H   ---    OFFS..   CODE           ?CO?STARTUP?3
000003H   000101H   0000FFH   BYTE   UNIT     CODE           ?PR?_LCD_PRINTF?C51_6050_UART
000102H   00019EH   00009DH   BYTE   UNIT     CODE           ?C?LIB_CODE
00019FH   0001F5H   000057H   BYTE   UNIT     CODE           ?PR?MAIN?C51_6050_UART
0001F6H   000222H   00002DH   BYTE   UNIT     CODE           ?PR?_DISPLAY10BITDATA?C51_6050_UART
000223H   000249H   000027H   BYTE   UNIT     CODE           ?PR?I2C_RECVBYTE?C51_6050_UART
00024AH   00026BH   000022H   BYTE   UNIT     CODE           ?PR?_I2C_SENDBYTE?C51_6050_UART
00026CH   00028DH   000022H   BYTE   UNIT     CODE           ?PR?_SINGLE_READI2C?C51_6050_UART
00028EH   0002AFH   000022H   BYTE   UNIT     CODE           ?PR?INITMPU6050?C51_6050_UART
0002B0H   0002CFH   000020H   BYTE   UNIT     CODE           ?PR?_DELAY?C51_6050_UART
0002D0H   0002E9H   00001AH   BYTE   UNIT     CODE           ?PR?_GETDATA?C51_6050_UART
0002EAH   000302H   000019H   BYTE   UNIT     CODE           ?PR?INIT_UART?C51_6050_UART
000303H   000319H   000017H   BYTE   UNIT     CODE           ?PR?_SINGLE_WRITEI2C?C51_6050_UART
00031AH   00032AH   000011H   BYTE   UNIT     CODE           ?PR?DELAY5US?C51_6050_UART
00032BH   000339H   00000FH   BYTE   UNIT     CODE           ?PR?I2C_START?C51_6050_UART
00033AH   000347H   00000EH   BYTE   UNIT     CODE           ?PR?I2C_SENDACK?C51_6050_UART
000348H   000353H   00000CH   BYTE   UNIT     CODE           ?C_C51STARTUP
000354H   00035FH   00000CH   BYTE   UNIT     CODE           ?PR?I2C_STOP?C51_6050_UART
LX51 LINKER/LOCATER V4.66.93.0                                                        07/08/2018  16:21:07  PAGE 2


000360H   00036BH   00000CH   BYTE   UNIT     CODE           ?PR?I2C_RECVACK?C51_6050_UART
00036CH   000373H   000008H   BYTE   UNIT     CODE           ?PR?_SERIPUSHSEND?C51_6050_UART



OVERLAY MAP OF MODULE:   .\Objects\mpu6050 (?C_STARTUP)


FUNCTION/MODULE                       BIT_GROUP   DATA_GROUP 
--> CALLED FUNCTION/MODULE           START  STOP  START  STOP
=============================================================
?C_C51STARTUP                        ----- -----  ----- -----
  +--> MAIN/C51_6050_UART

MAIN/C51_6050_UART                   ----- -----  ----- -----
  +--> _DELAY/C51_6050_UART
  +--> INIT_UART/C51_6050_UART
  +--> INITMPU6050/C51_6050_UART
  +--> _GETDATA/C51_6050_UART
  +--> _DISPLAY10BITDATA/C51_6050_UART
  +--> _SERIPUSHSEND/C51_6050_UART

_DELAY/C51_6050_UART                 ----- -----  ----- -----

INIT_UART/C51_6050_UART              ----- -----  ----- -----

INITMPU6050/C51_6050_UART            ----- -----  ----- -----
  +--> _SINGLE_WRITEI2C/C51_6050_UART

_SINGLE_WRITEI2C/C51_6050_UART       ----- -----  ----- -----
  +--> I2C_START/C51_6050_UART
  +--> _I2C_SENDBYTE/C51_6050_UART
  +--> I2C_STOP/C51_6050_UART

I2C_START/C51_6050_UART              ----- -----  ----- -----
  +--> DELAY5US/C51_6050_UART

DELAY5US/C51_6050_UART               ----- -----  ----- -----

_I2C_SENDBYTE/C51_6050_UART          ----- -----  ----- -----
  +--> DELAY5US/C51_6050_UART
  +--> I2C_RECVACK/C51_6050_UART

I2C_RECVACK/C51_6050_UART            ----- -----  ----- -----
  +--> DELAY5US/C51_6050_UART

I2C_STOP/C51_6050_UART               ----- -----  ----- -----
  +--> DELAY5US/C51_6050_UART

_GETDATA/C51_6050_UART               ----- -----  ----- -----
  +--> _SINGLE_READI2C/C51_6050_UART

_SINGLE_READI2C/C51_6050_UART        ----- -----  ----- -----
  +--> I2C_START/C51_6050_UART
  +--> _I2C_SENDBYTE/C51_6050_UART
  +--> I2C_RECVBYTE/C51_6050_UART
  +--> I2C_SENDACK/C51_6050_UART
  +--> I2C_STOP/C51_6050_UART

I2C_RECVBYTE/C51_6050_UART           ----- -----  ----- -----
  +--> DELAY5US/C51_6050_UART

I2C_SENDACK/C51_6050_UART            20H.0 20H.0  ----- -----
  +--> DELAY5US/C51_6050_UART

LX51 LINKER/LOCATER V4.66.93.0                                                        07/08/2018  16:21:07  PAGE 3


_DISPLAY10BITDATA/C51_6050_UART      ----- -----  ----- -----
  +--> _LCD_PRINTF/C51_6050_UART
  +--> _SERIPUSHSEND/C51_6050_UART

_LCD_PRINTF/C51_6050_UART            ----- -----  0010H 0014H

_SERIPUSHSEND/C51_6050_UART          ----- -----  ----- -----



PUBLIC SYMBOLS OF MODULE:  .\Objects\mpu6050 (?C_STARTUP)


      VALUE       CLASS    TYPE      PUBLIC SYMBOL NAME
      =================================================
      00000000H   NUMBER   ---       ?C?CODESEG
      01000102H   CODE     ---       ?C?CSTPTR
      01000114H   CODE     ---       ?C?SIDIV
      0100014AH   CODE     ---       ?C?UIDIV
      00000000H   NUMBER   ---       ?C?XDATASEG
      0100019FH   CODE     ---       ?C_START
      01000000H   CODE     NEAR LAB  ?C_STARTUP
      00000020H.0 BIT      BIT       ?I2C_SendACK?BIT
      010002B0H   CODE     ---       _delay
      010001F6H   CODE     ---       _Display10BitData
      010002D0H   CODE     ---       _GetData
      0100024AH   CODE     ---       _I2C_SendByte
      01000003H   CODE     ---       _lcd_printf
      0100036CH   CODE     ---       _SeriPushSend
      0100026CH   CODE     ---       _Single_ReadI2C
      01000303H   CODE     ---       _Single_WriteI2C
*SFR* 000000D0H.6 DATA     BIT       AC
*SFR* 000000E0H   DATA     BYTE      ACC
*SFR* 000000F0H   DATA     BYTE      B
*SFR* 000000C8H.1 DATA     BIT       C_T2
*SFR* 000000C8H.0 DATA     BIT       CP_RL2
*SFR* 000000D0H.7 DATA     BIT       CY
      0100031AH   CODE     ---       Delay5us
      0000000AH   DATA     ---       dis
      00000008H   DATA     INT       dis_data
*SFR* 00000083H   DATA     BYTE      DPH
*SFR* 00000082H   DATA     BYTE      DPL
*SFR* 000000A8H.7 DATA     BIT       EA
*SFR* 000000A8H.4 DATA     BIT       ES
*SFR* 000000A8H.1 DATA     BIT       ET0
*SFR* 000000A8H.3 DATA     BIT       ET1
*SFR* 000000A8H.5 DATA     BIT       ET2
*SFR* 000000A8H.0 DATA     BIT       EX0
*SFR* 000000A8H.2 DATA     BIT       EX1
*SFR* 000000C8H.3 DATA     BIT       EXEN2
*SFR* 000000C8H.6 DATA     BIT       EXF2
*SFR* 000000D0H.5 DATA     BIT       F0
      01000360H   CODE     ---       I2C_RecvACK
      01000223H   CODE     ---       I2C_RecvByte
      0100033AH   CODE     ---       I2C_SendACK
      0100032BH   CODE     ---       I2C_Start
      01000354H   CODE     ---       I2C_Stop
*SFR* 000000A8H   DATA     BYTE      IE
*SFR* 00000088H.1 DATA     BIT       IE0
*SFR* 00000088H.3 DATA     BIT       IE1
      010002EAH   CODE     ---       init_uart
      0100028EH   CODE     ---       InitMPU6050
*SFR* 000000B0H.2 DATA     BIT       INT0
*SFR* 000000B0H.3 DATA     BIT       INT1
*SFR* 000000B8H   DATA     BYTE      IP
LX51 LINKER/LOCATER V4.66.93.0                                                        07/08/2018  16:21:07  PAGE 4


*SFR* 00000088H.0 DATA     BIT       IT0
*SFR* 00000088H.2 DATA     BIT       IT1
      0100019FH   CODE     ---       main
*SFR* 000000D0H.2 DATA     BIT       OV
*SFR* 000000D0H.0 DATA     BIT       P
*SFR* 00000080H   DATA     BYTE      P0
*SFR* 00000090H   DATA     BYTE      P1
*SFR* 000000A0H   DATA     BYTE      P2
*SFR* 000000B0H   DATA     BYTE      P3
*SFR* 00000087H   DATA     BYTE      PCON
*SFR* 000000A0H   DATA     BYTE      PPAGE_SFR
*SFR* 000000B8H.4 DATA     BIT       PS
*SFR* 000000D0H   DATA     BYTE      PSW
*SFR* 000000B8H.1 DATA     BIT       PT0
*SFR* 000000B8H.3 DATA     BIT       PT1
*SFR* 000000B8H.5 DATA     BIT       PT2
*SFR* 000000B8H.0 DATA     BIT       PX0
*SFR* 000000B8H.2 DATA     BIT       PX1
*SFR* 00000098H.2 DATA     BIT       RB8
*SFR* 000000CBH   DATA     BYTE      RCAP2H
*SFR* 000000CAH   DATA     BYTE      RCAP2L
*SFR* 000000C8H.5 DATA     BIT       RCLK
*SFR* 000000B0H.7 DATA     BIT       RD
*SFR* 00000098H.4 DATA     BIT       REN
*SFR* 00000098H.0 DATA     BIT       RI
*SFR* 000000D0H.3 DATA     BIT       RS0
*SFR* 000000D0H.4 DATA     BIT       RS1
*SFR* 000000B0H.0 DATA     BIT       RXD
*SFR* 00000099H   DATA     BYTE      SBUF
*SFR* 00000090H.0 DATA     BIT       SCL
*SFR* 00000098H   DATA     BYTE      SCON
*SFR* 00000090H.2 DATA     BIT       SDA
*SFR* 00000098H.7 DATA     BIT       SM0
*SFR* 00000098H.6 DATA     BIT       SM1
*SFR* 00000098H.5 DATA     BIT       SM2
*SFR* 00000081H   DATA     BYTE      SP
*SFR* 000000B0H.4 DATA     BIT       T0
*SFR* 000000B0H.5 DATA     BIT       T1
*SFR* 00000090H.0 DATA     BIT       T2
*SFR* 000000C8H   DATA     BYTE      T2CON
*SFR* 00000090H.1 DATA     BIT       T2EX
*SFR* 00000098H.3 DATA     BIT       TB8
*SFR* 000000C8H.4 DATA     BIT       TCLK
*SFR* 00000088H   DATA     BYTE      TCON
*SFR* 00000088H.5 DATA     BIT       TF0
*SFR* 00000088H.7 DATA     BIT       TF1
*SFR* 000000C8H.7 DATA     BIT       TF2
*SFR* 0000008CH   DATA     BYTE      TH0
*SFR* 0000008DH   DATA     BYTE      TH1
*SFR* 000000CDH   DATA     BYTE      TH2
*SFR* 00000098H.1 DATA     BIT       TI
*SFR* 0000008AH   DATA     BYTE      TL0
*SFR* 0000008BH   DATA     BYTE      TL1
*SFR* 000000CCH   DATA     BYTE      TL2
*SFR* 00000089H   DATA     BYTE      TMOD
*SFR* 00000088H.4 DATA     BIT       TR0
*SFR* 00000088H.6 DATA     BIT       TR1
*SFR* 000000C8H.2 DATA     BIT       TR2
*SFR* 000000B0H.1 DATA     BIT       TXD
*SFR* 000000B0H.6 DATA     BIT       WR



SYMBOL TABLE OF MODULE:  .\Objects\mpu6050 (?C_STARTUP)

LX51 LINKER/LOCATER V4.66.93.0                                                        07/08/2018  16:21:07  PAGE 5


      VALUE       REP       CLASS    TYPE      SYMBOL NAME
      ====================================================
      ---         MODULE    ---      ---       ?C_STARTUP
      01000000H   PUBLIC    CODE     NEAR LAB  ?C_STARTUP
      000000E0H   SFRSYM    DATA     BYTE      ACC
      000000F0H   SFRSYM    DATA     BYTE      B
      00000083H   SFRSYM    DATA     BYTE      DPH
      00000082H   SFRSYM    DATA     BYTE      DPL
      000000A0H   SFRSYM    DATA     BYTE      PPAGE_SFR
      00000081H   SFRSYM    DATA     BYTE      SP
      00000000H   SYMBOL    NUMBER   ---       IBPSTACK
      00000100H   SYMBOL    NUMBER   ---       IBPSTACKTOP
      00000080H   SYMBOL    NUMBER   ---       IDATALEN
      0100034BH   SYMBOL    CODE     NEAR LAB  IDATALOOP
      00000000H   SYMBOL    NUMBER   ---       PBPSTACK
      00000100H   SYMBOL    NUMBER   ---       PBPSTACKTOP
      00000000H   SYMBOL    NUMBER   ---       PDATALEN
      00000000H   SYMBOL    NUMBER   ---       PDATASTART
      00000000H   SYMBOL    NUMBER   ---       PPAGE
      00000000H   SYMBOL    NUMBER   ---       PPAGEENABLE
      01000348H   SYMBOL    CODE     NEAR LAB  STARTUP1
      00000000H   SYMBOL    NUMBER   ---       XBPSTACK
      00010000H   SYMBOL    NUMBER   ---       XBPSTACKTOP
      00000000H   SYMBOL    NUMBER   ---       XDATALEN
      00000000H   SYMBOL    NUMBER   ---       XDATASTART

      01000000H   BLOCK     CODE     NEAR LAB  LVL=0
      01000000H   LINE      CODE     ---       #126
      ---         BLOCKEND  ---      ---       LVL=0

      01000348H   BLOCK     CODE     NEAR LAB  LVL=0
      01000348H   LINE      CODE     ---       #133
      0100034AH   LINE      CODE     ---       #134
      0100034BH   LINE      CODE     ---       #135
      0100034CH   LINE      CODE     ---       #136
      0100034EH   LINE      CODE     ---       #185
      01000351H   LINE      CODE     ---       #196
      ---         BLOCKEND  ---      ---       LVL=0

      ---         MODULE    ---      ---       C51_6050_UART
      0000000AH   PUBLIC    DATA     ---       dis
      00000008H   PUBLIC    DATA     INT       dis_data
      0100019FH   PUBLIC    CODE     ---       main
      010001F6H   PUBLIC    CODE     ---       _Display10BitData
      010002D0H   PUBLIC    CODE     ---       _GetData
      0100028EH   PUBLIC    CODE     ---       InitMPU6050
      0100026CH   PUBLIC    CODE     ---       _Single_ReadI2C
      01000303H   PUBLIC    CODE     ---       _Single_WriteI2C
      01000223H   PUBLIC    CODE     ---       I2C_RecvByte
      0100024AH   PUBLIC    CODE     ---       _I2C_SendByte
      01000360H   PUBLIC    CODE     ---       I2C_RecvACK
      00000020H.0 PUBLIC    BIT      BIT       ?I2C_SendACK?BIT
      0100033AH   PUBLIC    CODE     ---       I2C_SendACK
      01000354H   PUBLIC    CODE     ---       I2C_Stop
      0100032BH   PUBLIC    CODE     ---       I2C_Start
      0100031AH   PUBLIC    CODE     ---       Delay5us
      010002B0H   PUBLIC    CODE     ---       _delay
      0100036CH   PUBLIC    CODE     ---       _SeriPushSend
      010002EAH   PUBLIC    CODE     ---       init_uart
      01000003H   PUBLIC    CODE     ---       _lcd_printf
      00000080H   SFRSYM    DATA     BYTE      P0
      00000090H   SFRSYM    DATA     BYTE      P1
      000000A0H   SFRSYM    DATA     BYTE      P2
      000000B0H   SFRSYM    DATA     BYTE      P3
      000000B0H.4 SFRSYM    DATA     BIT       T0
LX51 LINKER/LOCATER V4.66.93.0                                                        07/08/2018  16:21:07  PAGE 6


      000000D0H.6 SFRSYM    DATA     BIT       AC
      000000B0H.5 SFRSYM    DATA     BIT       T1
      00000090H.0 SFRSYM    DATA     BIT       T2
      000000A8H.7 SFRSYM    DATA     BIT       EA
      000000A8H   SFRSYM    DATA     BYTE      IE
      000000C8H.6 SFRSYM    DATA     BIT       EXF2
      000000B0H.7 SFRSYM    DATA     BIT       RD
      000000A8H.4 SFRSYM    DATA     BIT       ES
      000000B8H   SFRSYM    DATA     BYTE      IP
      00000098H.0 SFRSYM    DATA     BIT       RI
      000000B0H.2 SFRSYM    DATA     BIT       INT0
      000000D0H.7 SFRSYM    DATA     BIT       CY
      00000098H.1 SFRSYM    DATA     BIT       TI
      000000B0H.3 SFRSYM    DATA     BIT       INT1
      000000CBH   SFRSYM    DATA     BYTE      RCAP2H
      000000B8H.4 SFRSYM    DATA     BIT       PS
      00000081H   SFRSYM    DATA     BYTE      SP
      00000090H.1 SFRSYM    DATA     BIT       T2EX
      000000D0H.2 SFRSYM    DATA     BIT       OV
      000000CAH   SFRSYM    DATA     BYTE      RCAP2L
      000000C8H.1 SFRSYM    DATA     BIT       C_T2
      000000B0H.6 SFRSYM    DATA     BIT       WR
      000000C8H.5 SFRSYM    DATA     BIT       RCLK
      000000C8H.4 SFRSYM    DATA     BIT       TCLK
      00000099H   SFRSYM    DATA     BYTE      SBUF
      00000087H   SFRSYM    DATA     BYTE      PCON
      00000098H   SFRSYM    DATA     BYTE      SCON
      00000089H   SFRSYM    DATA     BYTE      TMOD
      00000088H   SFRSYM    DATA     BYTE      TCON
      00000088H.1 SFRSYM    DATA     BIT       IE0
      00000088H.3 SFRSYM    DATA     BIT       IE1
      000000F0H   SFRSYM    DATA     BYTE      B
      000000C8H.0 SFRSYM    DATA     BIT       CP_RL2
      000000E0H   SFRSYM    DATA     BYTE      ACC
      000000A8H.1 SFRSYM    DATA     BIT       ET0
      000000A8H.3 SFRSYM    DATA     BIT       ET1
      00000088H.5 SFRSYM    DATA     BIT       TF0
      000000A8H.5 SFRSYM    DATA     BIT       ET2
      00000088H.7 SFRSYM    DATA     BIT       TF1
      000000C8H.7 SFRSYM    DATA     BIT       TF2
      00000098H.2 SFRSYM    DATA     BIT       RB8
      0000008CH   SFRSYM    DATA     BYTE      TH0
      000000A8H.0 SFRSYM    DATA     BIT       EX0
      00000088H.0 SFRSYM    DATA     BIT       IT0
      0000008DH   SFRSYM    DATA     BYTE      TH1
      00000098H.3 SFRSYM    DATA     BIT       TB8
      000000A8H.2 SFRSYM    DATA     BIT       EX1
      00000088H.2 SFRSYM    DATA     BIT       IT1
      000000CDH   SFRSYM    DATA     BYTE      TH2
      000000D0H.0 SFRSYM    DATA     BIT       P
      00000098H.7 SFRSYM    DATA     BIT       SM0
      0000008AH   SFRSYM    DATA     BYTE      TL0
      00000098H.6 SFRSYM    DATA     BIT       SM1
      0000008BH   SFRSYM    DATA     BYTE      TL1
      00000098H.5 SFRSYM    DATA     BIT       SM2
      000000CCH   SFRSYM    DATA     BYTE      TL2
      000000B8H.1 SFRSYM    DATA     BIT       PT0
      000000B8H.3 SFRSYM    DATA     BIT       PT1
      000000D0H.3 SFRSYM    DATA     BIT       RS0
      000000B8H.5 SFRSYM    DATA     BIT       PT2
      00000088H.4 SFRSYM    DATA     BIT       TR0
      000000D0H.4 SFRSYM    DATA     BIT       RS1
      00000088H.6 SFRSYM    DATA     BIT       TR1
      00000090H.2 SFRSYM    DATA     BIT       SDA
      000000C8H.2 SFRSYM    DATA     BIT       TR2
LX51 LINKER/LOCATER V4.66.93.0                                                        07/08/2018  16:21:07  PAGE 7


      000000B8H.0 SFRSYM    DATA     BIT       PX0
      000000B8H.2 SFRSYM    DATA     BIT       PX1
      00000083H   SFRSYM    DATA     BYTE      DPH
      00000082H   SFRSYM    DATA     BYTE      DPL
      00000090H.0 SFRSYM    DATA     BIT       SCL
      000000C8H.3 SFRSYM    DATA     BIT       EXEN2
      00000098H.4 SFRSYM    DATA     BIT       REN
      000000C8H   SFRSYM    DATA     BYTE      T2CON
      000000B0H.0 SFRSYM    DATA     BIT       RXD
      000000B0H.1 SFRSYM    DATA     BIT       TXD
      000000D0H.5 SFRSYM    DATA     BIT       F0
      000000D0H   SFRSYM    DATA     BYTE      PSW

      01000003H   BLOCK     CODE     ---       LVL=0
      00000010H   SYMBOL    DATA     ---       s
      00000013H   SYMBOL    DATA     INT       temp_data
      01000003H   LINE      CODE     ---       #66
      0100000DH   LINE      CODE     ---       #67
      0100000DH   LINE      CODE     ---       #68
      01000016H   LINE      CODE     ---       #69
      01000016H   LINE      CODE     ---       #70
      01000021H   LINE      CODE     ---       #71
      01000023H   LINE      CODE     ---       #72
      01000025H   LINE      CODE     ---       #73
      01000030H   LINE      CODE     ---       #75
      01000050H   LINE      CODE     ---       #76
      0100005FH   LINE      CODE     ---       #78
      0100007FH   LINE      CODE     ---       #79
      0100008EH   LINE      CODE     ---       #81
      010000AEH   LINE      CODE     ---       #82
      010000BDH   LINE      CODE     ---       #83
      010000DDH   LINE      CODE     ---       #84
      010000ECH   LINE      CODE     ---       #85
      ---         BLOCKEND  ---      ---       LVL=0

      010002EAH   BLOCK     CODE     ---       LVL=0
      010002EAH   LINE      CODE     ---       #90
      010002EAH   LINE      CODE     ---       #91
      010002EAH   LINE      CODE     ---       #92
      010002EDH   LINE      CODE     ---       #93
      010002F0H   LINE      CODE     ---       #94
      010002F3H   LINE      CODE     ---       #96
      010002F6H   LINE      CODE     ---       #97
      010002F8H   LINE      CODE     ---       #98
      010002FAH   LINE      CODE     ---       #99
      010002FCH   LINE      CODE     ---       #100
      010002FEH   LINE      CODE     ---       #101
      01000300H   LINE      CODE     ---       #102
      01000302H   LINE      CODE     ---       #103
      ---         BLOCKEND  ---      ---       LVL=0

      0100036CH   BLOCK     CODE     ---       LVL=0
      00000007H   SYMBOL    DATA     BYTE      send_data
      0100036CH   LINE      CODE     ---       #107
      0100036CH   LINE      CODE     ---       #108
      0100036CH   LINE      CODE     ---       #109
      0100036EH   LINE      CODE     ---       #110
      01000373H   LINE      CODE     ---       #111
      ---         BLOCKEND  ---      ---       LVL=0

      010002B0H   BLOCK     CODE     ---       LVL=0
      00000006H   SYMBOL    DATA     WORD      k
      010002B0H   BLOCK     CODE     NEAR LAB  LVL=1
      00000004H   SYMBOL    DATA     WORD      i
      00000002H   SYMBOL    DATA     WORD      j
LX51 LINKER/LOCATER V4.66.93.0                                                        07/08/2018  16:21:07  PAGE 8


      ---         BLOCKEND  ---      ---       LVL=1
      010002B0H   LINE      CODE     ---       #115
      010002B0H   LINE      CODE     ---       #116
      010002B0H   LINE      CODE     ---       #118
      010002BAH   LINE      CODE     ---       #119
      010002BAH   LINE      CODE     ---       #120
      010002C8H   LINE      CODE     ---       #121
      010002CFH   LINE      CODE     ---       #122
      ---         BLOCKEND  ---      ---       LVL=0

      0100031AH   BLOCK     CODE     ---       LVL=0
      0100031AH   LINE      CODE     ---       #128
      0100031AH   LINE      CODE     ---       #129
      0100031AH   LINE      CODE     ---       #130
      0100031EH   LINE      CODE     ---       #131
      01000322H   LINE      CODE     ---       #132
      01000326H   LINE      CODE     ---       #133
      0100032AH   LINE      CODE     ---       #134
      ---         BLOCKEND  ---      ---       LVL=0

      0100032BH   BLOCK     CODE     ---       LVL=0
      0100032BH   LINE      CODE     ---       #138
      0100032BH   LINE      CODE     ---       #139
      0100032BH   LINE      CODE     ---       #140
      0100032DH   LINE      CODE     ---       #141
      0100032FH   LINE      CODE     ---       #142
      01000332H   LINE      CODE     ---       #143
      01000334H   LINE      CODE     ---       #144
      01000337H   LINE      CODE     ---       #145
      01000339H   LINE      CODE     ---       #146
      ---         BLOCKEND  ---      ---       LVL=0

      01000354H   BLOCK     CODE     ---       LVL=0
      01000354H   LINE      CODE     ---       #150
      01000354H   LINE      CODE     ---       #151
      01000354H   LINE      CODE     ---       #152
      01000356H   LINE      CODE     ---       #153
      01000358H   LINE      CODE     ---       #154
      0100035BH   LINE      CODE     ---       #155
      0100035DH   LINE      CODE     ---       #156
      ---         BLOCKEND  ---      ---       LVL=0

      0100033AH   BLOCK     CODE     ---       LVL=0
      00000020H.0 SYMBOL    BIT      BIT       ack
      0100033AH   LINE      CODE     ---       #162
      0100033AH   LINE      CODE     ---       #163
      0100033AH   LINE      CODE     ---       #164
      0100033EH   LINE      CODE     ---       #165
      01000340H   LINE      CODE     ---       #166
      01000343H   LINE      CODE     ---       #167
      01000345H   LINE      CODE     ---       #168
      ---         BLOCKEND  ---      ---       LVL=0

      01000360H   BLOCK     CODE     ---       LVL=0
      01000360H   LINE      CODE     ---       #173
      01000360H   LINE      CODE     ---       #174
      01000360H   LINE      CODE     ---       #175
      01000362H   LINE      CODE     ---       #176
      01000365H   LINE      CODE     ---       #177
      01000367H   LINE      CODE     ---       #178
      01000369H   LINE      CODE     ---       #179
      ---         BLOCKEND  ---      ---       LVL=0

      0100024AH   BLOCK     CODE     ---       LVL=0
      00000007H   SYMBOL    DATA     BYTE      dat
LX51 LINKER/LOCATER V4.66.93.0                                                        07/08/2018  16:21:07  PAGE 9


      0100024AH   BLOCK     CODE     NEAR LAB  LVL=1
      00000006H   SYMBOL    DATA     BYTE      i
      ---         BLOCKEND  ---      ---       LVL=1
      0100024AH   LINE      CODE     ---       #185
      0100024AH   LINE      CODE     ---       #186
      0100024AH   LINE      CODE     ---       #188
      01000256H   LINE      CODE     ---       #189
      01000256H   LINE      CODE     ---       #190
      0100025AH   LINE      CODE     ---       #191
      0100025CH   LINE      CODE     ---       #192
      0100025EH   LINE      CODE     ---       #193
      01000261H   LINE      CODE     ---       #194
      01000263H   LINE      CODE     ---       #195
      01000266H   LINE      CODE     ---       #196
      01000269H   LINE      CODE     ---       #197
      ---         BLOCKEND  ---      ---       LVL=0

      01000223H   BLOCK     CODE     ---       LVL=0
      01000223H   BLOCK     CODE     NEAR LAB  LVL=1
      00000006H   SYMBOL    DATA     BYTE      i
      00000007H   SYMBOL    DATA     BYTE      dat
      ---         BLOCKEND  ---      ---       LVL=1
      01000223H   LINE      CODE     ---       #202
      01000223H   LINE      CODE     ---       #203
      01000223H   LINE      CODE     ---       #205
      01000225H   LINE      CODE     ---       #206
      01000227H   LINE      CODE     ---       #207
      01000232H   LINE      CODE     ---       #208
      01000232H   LINE      CODE     ---       #209
      01000236H   LINE      CODE     ---       #210
      01000238H   LINE      CODE     ---       #211
      0100023BH   LINE      CODE     ---       #212
      01000241H   LINE      CODE     ---       #213
      01000243H   LINE      CODE     ---       #214
      01000246H   LINE      CODE     ---       #215
      01000249H   LINE      CODE     ---       #216
      01000249H   LINE      CODE     ---       #217
      ---         BLOCKEND  ---      ---       LVL=0

      01000303H   BLOCK     CODE     ---       LVL=0
      00000004H   SYMBOL    DATA     BYTE      REG_Address
      00000005H   SYMBOL    DATA     BYTE      REG_data
      01000303H   LINE      CODE     ---       #221
      01000305H   LINE      CODE     ---       #222
      01000305H   LINE      CODE     ---       #223
      01000308H   LINE      CODE     ---       #224
      0100030DH   LINE      CODE     ---       #225
      01000312H   LINE      CODE     ---       #226
      01000317H   LINE      CODE     ---       #227
      ---         BLOCKEND  ---      ---       LVL=0

      0100026CH   BLOCK     CODE     ---       LVL=0
      00000005H   SYMBOL    DATA     BYTE      REG_Address
      0100026EH   BLOCK     CODE     NEAR LAB  LVL=1
      00000007H   SYMBOL    DATA     BYTE      REG_data
      ---         BLOCKEND  ---      ---       LVL=1
      0100026CH   LINE      CODE     ---       #232
      0100026EH   LINE      CODE     ---       #233
      0100026EH   LINE      CODE     ---       #235
      01000271H   LINE      CODE     ---       #236
      01000276H   LINE      CODE     ---       #237
      0100027BH   LINE      CODE     ---       #238
      0100027EH   LINE      CODE     ---       #239
      01000283H   LINE      CODE     ---       #240
      01000286H   LINE      CODE     ---       #241
LX51 LINKER/LOCATER V4.66.93.0                                                        07/08/2018  16:21:07  PAGE 10


      0100028BH   LINE      CODE     ---       #242
      ---         BLOCKEND  ---      ---       LVL=0

      0100028EH   BLOCK     CODE     ---       LVL=0
      0100028EH   LINE      CODE     ---       #248
      0100028EH   LINE      CODE     ---       #249
      0100028EH   LINE      CODE     ---       #250
      01000295H   LINE      CODE     ---       #251
      0100029CH   LINE      CODE     ---       #252
      010002A2H   LINE      CODE     ---       #253
      010002A9H   LINE      CODE     ---       #254
      ---         BLOCKEND  ---      ---       LVL=0

      010002D0H   BLOCK     CODE     ---       LVL=0
      00000004H   SYMBOL    DATA     BYTE      REG_Address
      010002D2H   BLOCK     CODE     NEAR LAB  LVL=1
      00000003H   SYMBOL    DATA     BYTE      H
      00000005H   SYMBOL    DATA     BYTE      L
      ---         BLOCKEND  ---      ---       LVL=1
      010002D0H   LINE      CODE     ---       #259
      010002D2H   LINE      CODE     ---       #260
      010002D2H   LINE      CODE     ---       #262
      010002D7H   LINE      CODE     ---       #263
      010002DFH   LINE      CODE     ---       #264
      010002E9H   LINE      CODE     ---       #265
      ---         BLOCKEND  ---      ---       LVL=0

      010001F6H   BLOCK     CODE     ---       LVL=0
      00000006H   SYMBOL    DATA     INT       value
      010001F6H   BLOCK     CODE     NEAR LAB  LVL=1
      00000006H   SYMBOL    DATA     BYTE      i
      ---         BLOCKEND  ---      ---       LVL=1
      010001F6H   LINE      CODE     ---       #269
      010001F6H   LINE      CODE     ---       #270
      010001F6H   LINE      CODE     ---       #271
      010001FDH   LINE      CODE     ---       #272
      0100020AH   LINE      CODE     ---       #273
      01000216H   LINE      CODE     ---       #274
      01000216H   LINE      CODE     ---       #275
      0100021FH   LINE      CODE     ---       #276
      01000222H   LINE      CODE     ---       #279
      ---         BLOCKEND  ---      ---       LVL=0

      0100019FH   BLOCK     CODE     ---       LVL=0
      0100019FH   LINE      CODE     ---       #283
      0100019FH   LINE      CODE     ---       #284
      0100019FH   LINE      CODE     ---       #285
      010001A6H   LINE      CODE     ---       #286
      010001A9H   LINE      CODE     ---       #287
      010001ACH   LINE      CODE     ---       #288
      010001B3H   LINE      CODE     ---       #289
      010001B3H   LINE      CODE     ---       #290
      010001B3H   LINE      CODE     ---       #292
      010001BBH   LINE      CODE     ---       #293
      010001C3H   LINE      CODE     ---       #294
      010001CBH   LINE      CODE     ---       #295
      010001D3H   LINE      CODE     ---       #296
      010001DBH   LINE      CODE     ---       #297
      010001E3H   LINE      CODE     ---       #299
      010001E8H   LINE      CODE     ---       #300
      010001EDH   LINE      CODE     ---       #301
      010001F4H   LINE      CODE     ---       #302
      ---         BLOCKEND  ---      ---       LVL=0

      ---         MODULE    ---      ---       ?C?CSTPTR
LX51 LINKER/LOCATER V4.66.93.0                                                        07/08/2018  16:21:07  PAGE 11


      01000102H   PUBLIC    CODE     ---       ?C?CSTPTR

      ---         MODULE    ---      ---       ?C?SIDIV
      01000114H   PUBLIC    CODE     ---       ?C?SIDIV

      ---         MODULE    ---      ---       ?C?UIDIV
      0100014AH   PUBLIC    CODE     ---       ?C?UIDIV

Program Size: data=22.1 xdata=0 const=0 code=884
LX51 RUN COMPLETE.  0 WARNING(S),  0 ERROR(S)
